
> courierflow-frontend-temp@0.1.0 build
> next build

▲ Next.js 16.3.8 (Turbopack)
- Environments: .env.local
✓ Running next.config.ts took 123ms

  Creating an optimized production build ...
✓ Compiled successfully in 12.0s
  Running TypeScript ...
  Finished TypeScript in 3.5s ...
  Collecting page data using 7 workers ...
  Generating static pages using 7 workers (0/8) ...
  Generating static pages using 7 workers (2/8) 
  Generating static pages using 7 workers (4/8) 
  Generating static pages using 7 workers (6/8) 
✓ Generating static pages using 7 workers (8/8) in 1000ms
  Finalizing page optimization ...

Route (app)
┌ ○ /
├ ○ /_not-found
├ ○ /about
├ ○ /contact
├ ○ /dashboard
└ ○ /services


○  (Static)  prerendered as static content

